[e3] tied_2x2 seed=0
  step     0 |      2s | depth1=0.198 depth2=0.190 depth3=0.000 depth4=0.000 depth5=0.188 depth6=0.000
  step   500 |     56s | depth1=0.214 depth2=0.202 depth3=0.204 depth4=0.190 depth5=0.194 depth6=0.170
  step  1000 |    106s | depth1=0.242 depth2=0.194 depth3=0.210 depth4=0.202 depth5=0.222 depth6=0.210
  step  1500 |    157s | depth1=0.574 depth2=0.266 depth3=0.226 depth4=0.206 depth5=0.282 depth6=0.200
  step  2000 |    208s | depth1=1.000 depth2=0.728 depth3=0.228 depth4=0.212 depth5=0.226 depth6=0.182
  step  2500 |    256s | depth1=1.000 depth2=0.834 depth3=0.232 depth4=0.192 depth5=0.218 depth6=0.202
  step  3000 |    305s | depth1=1.000 depth2=0.944 depth3=0.578 depth4=0.194 depth5=0.240 depth6=0.232
  step  3500 |    353s | depth1=1.000 depth2=1.000 depth3=0.836 depth4=0.210 depth5=0.252 depth6=0.234
  step  4000 |    403s | depth1=1.000 depth2=1.000 depth3=0.858 depth4=0.200 depth5=0.198 depth6=0.218
  step  4500 |    453s | depth1=1.000 depth2=1.000 depth3=0.852 depth4=0.228 depth5=0.196 depth6=0.198
  step  5000 |    505s | depth1=1.000 depth2=1.000 depth3=0.840 depth4=0.196 depth5=0.224 depth6=0.234
  step  5500 |    557s | depth1=1.000 depth2=1.000 depth3=0.820 depth4=0.218 depth5=0.202 depth6=0.230
  step  6000 |    608s | depth1=1.000 depth2=1.000 depth3=0.852 depth4=0.236 depth5=0.194 depth6=0.184
  step  6500 |    659s | depth1=1.000 depth2=1.000 depth3=0.832 depth4=0.216 depth5=0.234 depth6=0.226
  step  7000 |    707s | depth1=1.000 depth2=1.000 depth3=0.860 depth4=0.208 depth5=0.228 depth6=0.216
  step  7500 |    756s | depth1=1.000 depth2=1.000 depth3=0.866 depth4=0.242 depth5=0.198 depth6=0.202
  step  8000 |    814s | depth1=1.000 depth2=1.000 depth3=0.856 depth4=0.220 depth5=0.215 depth6=0.226
[e3] untied_4 seed=0
  step     0 |      1s | depth1=0.196 depth2=0.000 depth3=0.000 depth4=0.000 depth5=0.000 depth6=0.000
  step   500 |     53s | depth1=0.200 depth2=0.204 depth3=0.218 depth4=0.206 depth5=0.202 depth6=0.188
  step  1000 |    106s | depth1=0.512 depth2=0.164 depth3=0.228 depth4=0.200 depth5=0.230 depth6=0.214
  step  1500 |    156s | depth1=1.000 depth2=0.510 depth3=0.222 depth4=0.204 depth5=0.228 depth6=0.218
  step  2000 |    207s | depth1=1.000 depth2=0.678 depth3=0.200 depth4=0.190 depth5=0.212 depth6=0.210
  step  2500 |    260s | depth1=1.000 depth2=0.728 depth3=0.218 depth4=0.198 depth5=0.204 depth6=0.206
  step  3000 |    310s | depth1=1.000 depth2=0.734 depth3=0.236 depth4=0.204 depth5=0.214 depth6=0.204
  step  3500 |    360s | depth1=1.000 depth2=0.742 depth3=0.216 depth4=0.240 depth5=0.184 depth6=0.218
  step  4000 |    410s | depth1=1.000 depth2=0.750 depth3=0.254 depth4=0.228 depth5=0.212 depth6=0.188
  step  4500 |    461s | depth1=1.000 depth2=0.732 depth3=0.222 depth4=0.236 depth5=0.202 depth6=0.216
  step  5000 |    512s | depth1=1.000 depth2=0.732 depth3=0.240 depth4=0.184 depth5=0.178 depth6=0.204
  step  5500 |    563s | depth1=1.000 depth2=0.724 depth3=0.222 depth4=0.232 depth5=0.218 depth6=0.168
  step  6000 |    615s | depth1=1.000 depth2=0.730 depth3=0.200 depth4=0.238 depth5=0.180 depth6=0.196
  step  6500 |    664s | depth1=1.000 depth2=0.782 depth3=0.264 depth4=0.234 depth5=0.216 depth6=0.210
  step  7000 |    713s | depth1=1.000 depth2=0.740 depth3=0.284 depth4=0.192 depth5=0.218 depth6=0.210
  step  7500 |    762s | depth1=1.000 depth2=0.762 depth3=0.306 depth4=0.226 depth5=0.220 depth6=0.214
  step  8000 |    820s | depth1=1.000 depth2=0.764 depth3=0.301 depth4=0.227 depth5=0.206 depth6=0.212
[e3] tied_2x1 seed=0
  step     0 |      1s | depth1=0.198 depth2=0.190 depth3=0.000 depth4=0.000 depth5=0.188 depth6=0.000
  step   500 |     29s | depth1=0.196 depth2=0.210 depth3=0.190 depth4=0.214 depth5=0.210 depth6=0.156
  step  1000 |     55s | depth1=0.464 depth2=0.220 depth3=0.234 depth4=0.218 depth5=0.214 depth6=0.180
  step  1500 |     82s | depth1=0.998 depth2=0.226 depth3=0.242 depth4=0.214 depth5=0.212 depth6=0.216
  step  2000 |    109s | depth1=1.000 depth2=0.208 depth3=0.196 depth4=0.166 depth5=0.202 depth6=0.198
  step  2500 |    135s | depth1=0.996 depth2=0.216 depth3=0.214 depth4=0.224 depth5=0.168 depth6=0.166
  step  3000 |    161s | depth1=1.000 depth2=0.234 depth3=0.234 depth4=0.204 depth5=0.204 depth6=0.176
  step  3500 |    187s | depth1=1.000 depth2=0.234 depth3=0.230 depth4=0.208 depth5=0.222 depth6=0.242
  step  4000 |    212s | depth1=1.000 depth2=0.202 depth3=0.220 depth4=0.208 depth5=0.178 depth6=0.184
  step  4500 |    237s | depth1=1.000 depth2=0.190 depth3=0.244 depth4=0.234 depth5=0.196 depth6=0.190
  step  5000 |    264s | depth1=1.000 depth2=0.258 depth3=0.258 depth4=0.188 depth5=0.224 depth6=0.214
  step  5500 |    290s | depth1=1.000 depth2=0.228 depth3=0.230 depth4=0.228 depth5=0.202 depth6=0.210
  step  6000 |    316s | depth1=1.000 depth2=0.208 depth3=0.218 depth4=0.216 depth5=0.222 depth6=0.224
  step  6500 |    343s | depth1=1.000 depth2=0.262 depth3=0.216 depth4=0.210 depth5=0.230 depth6=0.204
  step  7000 |    369s | depth1=1.000 depth2=0.280 depth3=0.262 depth4=0.246 depth5=0.232 depth6=0.222
  step  7500 |    396s | depth1=1.000 depth2=0.232 depth3=0.224 depth4=0.190 depth5=0.176 depth6=0.212
  step  8000 |    427s | depth1=1.000 depth2=0.248 depth3=0.244 depth4=0.229 depth5=0.214 depth6=0.221
[e3] tied_2x3 seed=0
  step     0 |      2s | depth1=0.198 depth2=0.000 depth3=0.000 depth4=0.000 depth5=0.188 depth6=0.000
  step   500 |     76s | depth1=0.180 depth2=0.178 depth3=0.212 depth4=0.206 depth5=0.188 depth6=0.192
  step  1000 |    154s | depth1=0.204 depth2=0.178 depth3=0.218 depth4=0.188 depth5=0.210 depth6=0.218
  step  1500 |    230s | depth1=0.656 depth2=0.246 depth3=0.242 depth4=0.192 depth5=0.268 depth6=0.220
  step  2000 |    305s | depth1=1.000 depth2=0.502 depth3=0.182 depth4=0.196 depth5=0.214 depth6=0.202
  step  2500 |    381s | depth1=1.000 depth2=0.960 depth3=0.198 depth4=0.210 depth5=0.218 depth6=0.184
  step  3000 |    460s | depth1=1.000 depth2=0.948 depth3=0.234 depth4=0.224 depth5=0.226 depth6=0.168
  step  3500 |    536s | depth1=1.000 depth2=1.000 depth3=0.228 depth4=0.248 depth5=0.226 depth6=0.262
  step  4000 |    615s | depth1=1.000 depth2=0.998 depth3=0.276 depth4=0.250 depth5=0.216 depth6=0.204
  step  4500 |    690s | depth1=1.000 depth2=1.000 depth3=0.354 depth4=0.226 depth5=0.234 depth6=0.224
  step  5000 |    767s | depth1=1.000 depth2=0.994 depth3=0.390 depth4=0.228 depth5=0.228 depth6=0.198
  step  5500 |    845s | depth1=1.000 depth2=1.000 depth3=0.464 depth4=0.260 depth5=0.190 depth6=0.202
  step  6000 |    922s | depth1=1.000 depth2=1.000 depth3=0.444 depth4=0.210 depth5=0.190 depth6=0.178
  step  6500 |   1000s | depth1=1.000 depth2=1.000 depth3=0.464 depth4=0.244 depth5=0.226 depth6=0.226
  step  7000 |   1077s | depth1=1.000 depth2=1.000 depth3=0.512 depth4=0.262 depth5=0.250 depth6=0.212
  step  7500 |   1152s | depth1=1.000 depth2=1.000 depth3=0.436 depth4=0.230 depth5=0.220 depth6=0.228
  step  8000 |   1238s | depth1=1.000 depth2=1.000 depth3=0.467 depth4=0.233 depth5=0.230 depth6=0.223
[e3] untied_6 seed=0
  step     0 |      2s | depth1=0.000 depth2=0.000 depth3=0.000 depth4=0.000 depth5=0.000 depth6=0.194
  step   500 |     88s | depth1=0.198 depth2=0.214 depth3=0.204 depth4=0.218 depth5=0.190 depth6=0.204
  step  1000 |    174s | depth1=0.416 depth2=0.172 depth3=0.220 depth4=0.202 depth5=0.204 depth6=0.204
  step  1500 |    258s | depth1=1.000 depth2=0.262 depth3=0.246 depth4=0.182 depth5=0.248 depth6=0.198
  step  2000 |    340s | depth1=1.000 depth2=0.660 depth3=0.262 depth4=0.182 depth5=0.214 depth6=0.216
  step  2500 |    423s | depth1=1.000 depth2=0.762 depth3=0.340 depth4=0.206 depth5=0.214 depth6=0.186
  step  3000 |    508s | depth1=1.000 depth2=0.734 depth3=0.450 depth4=0.220 depth5=0.252 depth6=0.244
  step  3500 |    592s | depth1=1.000 depth2=0.734 depth3=0.422 depth4=0.260 depth5=0.224 depth6=0.210
  step  4000 |    674s | depth1=1.000 depth2=0.776 depth3=0.444 depth4=0.200 depth5=0.192 depth6=0.224
  step  4500 |    759s | depth1=1.000 depth2=0.764 depth3=0.398 depth4=0.200 depth5=0.220 depth6=0.190
  step  5000 |    844s | depth1=1.000 depth2=0.910 depth3=0.484 depth4=0.218 depth5=0.220 depth6=0.214
  step  5500 |    929s | depth1=1.000 depth2=0.894 depth3=0.580 depth4=0.234 depth5=0.230 depth6=0.246
  step  6000 |   1014s | depth1=1.000 depth2=0.930 depth3=0.552 depth4=0.224 depth5=0.208 depth6=0.210
  step  6500 |   1099s | depth1=1.000 depth2=0.952 depth3=0.622 depth4=0.252 depth5=0.210 depth6=0.212
  step  7000 |   1184s | depth1=1.000 depth2=0.946 depth3=0.670 depth4=0.268 depth5=0.238 depth6=0.204
  step  7500 |   1268s | depth1=1.000 depth2=0.932 depth3=0.658 depth4=0.256 depth5=0.256 depth6=0.218
  step  8000 |   1365s | depth1=1.000 depth2=0.952 depth3=0.651 depth4=0.251 depth5=0.222 depth6=0.228
[e3] tied_2x2 seed=1
  step     0 |      1s | depth1=0.214 depth2=0.000 depth3=0.202 depth4=0.000 depth5=0.104 depth6=0.030
  step   500 |     54s | depth1=0.228 depth2=0.208 depth3=0.208 depth4=0.196 depth5=0.208 depth6=0.226
  step  1000 |    105s | depth1=0.264 depth2=0.230 depth3=0.180 depth4=0.182 depth5=0.222 depth6=0.184
  step  1500 |    153s | depth1=1.000 depth2=0.260 depth3=0.206 depth4=0.196 depth5=0.182 depth6=0.168
  step  2000 |    206s | depth1=1.000 depth2=0.532 depth3=0.252 depth4=0.208 depth5=0.210 depth6=0.186
  step  2500 |    257s | depth1=1.000 depth2=0.830 depth3=0.244 depth4=0.188 depth5=0.228 depth6=0.210
  step  3000 |    308s | depth1=1.000 depth2=0.994 depth3=0.604 depth4=0.214 depth5=0.210 depth6=0.244
  step  3500 |    357s | depth1=1.000 depth2=1.000 depth3=0.998 depth4=0.196 depth5=0.246 depth6=0.212
  step  4000 |    408s | depth1=1.000 depth2=1.000 depth3=1.000 depth4=0.218 depth5=0.212 depth6=0.202
  step  4500 |    457s | depth1=1.000 depth2=1.000 depth3=0.996 depth4=0.256 depth5=0.200 depth6=0.214
  step  5000 |    506s | depth1=1.000 depth2=1.000 depth3=0.998 depth4=0.202 depth5=0.204 depth6=0.238
  step  5500 |    557s | depth1=1.000 depth2=1.000 depth3=1.000 depth4=0.220 depth5=0.210 depth6=0.240
  step  6000 |    608s | depth1=1.000 depth2=1.000 depth3=1.000 depth4=0.196 depth5=0.220 depth6=0.228
  step  6500 |    661s | depth1=1.000 depth2=1.000 depth3=1.000 depth4=0.234 depth5=0.228 depth6=0.192
  step  7000 |    712s | depth1=1.000 depth2=1.000 depth3=1.000 depth4=0.220 depth5=0.216 depth6=0.240
  step  7500 |    761s | depth1=1.000 depth2=1.000 depth3=1.000 depth4=0.196 depth5=0.218 depth6=0.208
  step  8000 |    821s | depth1=1.000 depth2=1.000 depth3=1.000 depth4=0.230 depth5=0.212 depth6=0.214
[e3] untied_4 seed=1
  step     0 |      1s | depth1=0.198 depth2=0.196 depth3=0.200 depth4=0.190 depth5=0.174 depth6=0.196
  step   500 |     52s | depth1=0.222 depth2=0.182 depth3=0.188 depth4=0.208 depth5=0.212 depth6=0.194
  step  1000 |    102s | depth1=0.434 depth2=0.210 depth3=0.216 depth4=0.202 depth5=0.220 depth6=0.198
  step  1500 |    152s | depth1=1.000 depth2=0.588 depth3=0.222 depth4=0.218 depth5=0.220 depth6=0.198
  step  2000 |    203s | depth1=1.000 depth2=0.974 depth3=0.238 depth4=0.232 depth5=0.200 depth6=0.248
  step  2500 |    255s | depth1=1.000 depth2=0.982 depth3=0.480 depth4=0.204 depth5=0.226 depth6=0.234
  step  3000 |    305s | depth1=1.000 depth2=1.000 depth3=0.612 depth4=0.226 depth5=0.230 depth6=0.246
  step  3500 |    355s | depth1=1.000 depth2=1.000 depth3=0.868 depth4=0.224 depth5=0.260 depth6=0.250
  step  4000 |    407s | depth1=1.000 depth2=1.000 depth3=0.900 depth4=0.204 depth5=0.214 depth6=0.234
  step  4500 |    457s | depth1=1.000 depth2=1.000 depth3=0.890 depth4=0.240 depth5=0.236 depth6=0.184
  step  5000 |    509s | depth1=1.000 depth2=1.000 depth3=0.890 depth4=0.222 depth5=0.210 depth6=0.234
  step  5500 |    561s | depth1=1.000 depth2=1.000 depth3=0.908 depth4=0.260 depth5=0.212 depth6=0.214
  step  6000 |    613s | depth1=1.000 depth2=1.000 depth3=0.910 depth4=0.386 depth5=0.196 depth6=0.226
  step  6500 |    664s | depth1=1.000 depth2=1.000 depth3=1.000 depth4=0.480 depth5=0.200 depth6=0.244
  step  7000 |    717s | depth1=1.000 depth2=1.000 depth3=1.000 depth4=0.476 depth5=0.230 depth6=0.200
  step  7500 |    771s | depth1=1.000 depth2=1.000 depth3=1.000 depth4=0.450 depth5=0.244 depth6=0.214
  step  8000 |    830s | depth1=1.000 depth2=1.000 depth3=1.000 depth4=0.481 depth5=0.218 depth6=0.230
QUEUE_B_DONE
